
> sql-server-mcp@1.0.0 build
> tsc

src/tools/performance.ts(458,11): error TS7053: Element implicitly has an 'any' type because expression of type '0' can't be used to index type '{ [x: string]: IRecordSet<any>; } | IRecordSet<any>[]'.
  Property '0' does not exist on type '{ [x: string]: IRecordSet<any>; } | IRecordSet<any>[]'.
src/tools/performance.ts(458,66): error TS7053: Element implicitly has an 'any' type because expression of type '0' can't be used to index type '{ [x: string]: IRecordSet<any>; } | IRecordSet<any>[]'.
  Property '0' does not exist on type '{ [x: string]: IRecordSet<any>; } | IRecordSet<any>[]'.
src/tools/performance.ts(459,11): error TS7053: Element implicitly has an 'any' type because expression of type '1' can't be used to index type '{ [x: string]: IRecordSet<any>; } | IRecordSet<any>[]'.
  Property '1' does not exist on type '{ [x: string]: IRecordSet<any>; } | IRecordSet<any>[]'.
src/tools/performance.ts(459,94): error TS7053: Element implicitly has an 'any' type because expression of type '1' can't be used to index type '{ [x: string]: IRecordSet<any>; } | IRecordSet<any>[]'.
  Property '1' does not exist on type '{ [x: string]: IRecordSet<any>; } | IRecordSet<any>[]'.
src/tools/performance.ts(460,11): error TS7053: Element implicitly has an 'any' type because expression of type '2' can't be used to index type '{ [x: string]: IRecordSet<any>; } | IRecordSet<any>[]'.
  Property '2' does not exist on type '{ [x: string]: IRecordSet<any>; } | IRecordSet<any>[]'.
src/tools/performance.ts(460,101): error TS7053: Element implicitly has an 'any' type because expression of type '2' can't be used to index type '{ [x: string]: IRecordSet<any>; } | IRecordSet<any>[]'.
  Property '2' does not exist on type '{ [x: string]: IRecordSet<any>; } | IRecordSet<any>[]'.
src/tools/performance.ts(531,32): error TS2365: Operator '>' cannot be applied to types 'number | IRecordSet<any>' and 'number'.
src/tools/performance.ts(532,27): error TS2349: This expression is not callable.
  Not all constituents of type 'IRecordSet<any> | ((callbackfn: (value: IRecordSet<any>, index: number, array: IRecordSet<any>[]) => void, thisArg?: any) => void)' are callable.
    Type 'IRecordSet<any>' has no call signatures.
src/tools/performance.ts(532,36): error TS7006: Parameter 'recordset' implicitly has an 'any' type.
src/tools/performance.ts(532,47): error TS7006: Parameter 'index' implicitly has an 'any' type.
src/tools/performance.ts(698,72): error TS7053: Element implicitly has an 'any' type because expression of type '0' can't be used to index type '{ [x: string]: IRecordSet<any>; } | IRecordSet<any>[]'.
  Property '0' does not exist on type '{ [x: string]: IRecordSet<any>; } | IRecordSet<any>[]'.
src/tools/performance.ts(698,142): error TS7053: Element implicitly has an 'any' type because expression of type '1' can't be used to index type '{ [x: string]: IRecordSet<any>; } | IRecordSet<any>[]'.
  Property '1' does not exist on type '{ [x: string]: IRecordSet<any>; } | IRecordSet<any>[]'.
src/tools/performance.ts(699,24): error TS7053: Element implicitly has an 'any' type because expression of type '1' can't be used to index type '{ [x: string]: IRecordSet<any>; } | IRecordSet<any>[]'.
  Property '1' does not exist on type '{ [x: string]: IRecordSet<any>; } | IRecordSet<any>[]'.
src/tools/performance.ts(699,52): error TS7006: Parameter 'd' implicitly has an 'any' type.
src/tools/performance.ts(701,71): error TS7006: Parameter 'd' implicitly has an 'any' type.
src/tools/performance_additions.ts(5,35): error TS2304: Cannot find name 'z'.
src/tools/performance_additions.ts(12,38): error TS2304: Cannot find name 'ConnectionManager'.
src/tools/performance_additions.ts(12,64): error TS2503: Cannot find namespace 'z'.
src/tools/performance_additions.ts(23,45): error TS2304: Cannot find name 'formatResultsAsTable'.
src/tools/performance_additions.ts(24,73): error TS2304: Cannot find name 'formatResultsAsTable'.
src/tools/performance_additions.ts(25,80): error TS2304: Cannot find name 'formatResultsAsTable'.
src/tools/performance_additions.ts(28,57): error TS2304: Cannot find name 'formatError'.
src/tools/performance_additions.ts(33,37): error TS2304: Cannot find name 'z'.
src/tools/performance_additions.ts(34,13): error TS2304: Cannot find name 'z'.
src/tools/performance_additions.ts(42,38): error TS2304: Cannot find name 'ConnectionManager'.
src/tools/performance_additions.ts(42,64): error TS2503: Cannot find namespace 'z'.
src/tools/performance_additions.ts(52,52): error TS7006: Parameter 'sum' implicitly has an 'any' type.
src/tools/performance_additions.ts(52,57): error TS7006: Parameter 'row' implicitly has an 'any' type.
src/tools/performance_additions.ts(53,118): error TS2304: Cannot find name 'formatResultsAsTable'.
src/tools/performance_additions.ts(56,57): error TS2304: Cannot find name 'formatError'.
src/tools/performance_additions.ts(61,39): error TS2304: Cannot find name 'z'.
src/tools/performance_additions.ts(68,38): error TS2304: Cannot find name 'ConnectionManager'.
src/tools/performance_additions.ts(68,64): error TS2503: Cannot find namespace 'z'.
src/tools/performance_additions.ts(77,63): error TS2304: Cannot find name 'formatResultsAsTable'.
src/tools/performance_additions.ts(80,57): error TS2304: Cannot find name 'formatError'.
src/tools/performance_additions.ts(85,40): error TS2304: Cannot find name 'z'.
src/tools/performance_additions.ts(92,38): error TS2304: Cannot find name 'ConnectionManager'.
src/tools/performance_additions.ts(92,64): error TS2503: Cannot find namespace 'z'.
src/tools/performance_additions.ts(97,36): error TS7006: Parameter 'recordset' implicitly has an 'any' type.
src/tools/performance_additions.ts(97,47): error TS7006: Parameter 'index' implicitly has an 'any' type.
src/tools/performance_additions.ts(98,82): error TS2304: Cannot find name 'formatResultsAsTable'.
src/tools/performance_additions.ts(103,57): error TS2304: Cannot find name 'formatError'.
src/tools/performance_additions.ts(108,33): error TS2304: Cannot find name 'z'.
src/tools/performance_additions.ts(115,38): error TS2304: Cannot find name 'ConnectionManager'.
src/tools/performance_additions.ts(115,64): error TS2503: Cannot find namespace 'z'.
src/tools/performance_additions.ts(120,63): error TS2304: Cannot find name 'formatResultsAsTable'.
src/tools/performance_additions.ts(121,44): error TS7006: Parameter 'r' implicitly has an 'any' type.
src/tools/performance_additions.ts(127,57): error TS2304: Cannot find name 'formatError'.
src/tools/performance_additions.ts(132,33): error TS2304: Cannot find name 'z'.
src/tools/performance_additions.ts(133,16): error TS2304: Cannot find name 'z'.
src/tools/performance_additions.ts(134,16): error TS2304: Cannot find name 'z'.
src/tools/performance_additions.ts(142,38): error TS2304: Cannot find name 'ConnectionManager'.
src/tools/performance_additions.ts(142,64): error TS2503: Cannot find namespace 'z'.
src/tools/performance_additions.ts(150,59): error TS2304: Cannot find name 'formatResultsAsTable'.
src/tools/performance_additions.ts(153,57): error TS2304: Cannot find name 'formatError'.
src/tools/performance_additions.ts(160,33): error TS2304: Cannot find name 'z'.
src/tools/performance_additions.ts(161,9): error TS2304: Cannot find name 'z'.
src/tools/performance_additions.ts(169,38): error TS2304: Cannot find name 'ConnectionManager'.
src/tools/performance_additions.ts(169,64): error TS2503: Cannot find namespace 'z'.
src/tools/performance_additions.ts(178,53): error TS7006: Parameter 'sum' implicitly has an 'any' type.
src/tools/performance_additions.ts(178,58): error TS7006: Parameter 'row' implicitly has an 'any' type.
src/tools/performance_additions.ts(179,57): error TS7006: Parameter 'sum' implicitly has an 'any' type.
src/tools/performance_additions.ts(179,62): error TS7006: Parameter 'row' implicitly has an 'any' type.
src/tools/performance_additions.ts(180,191): error TS2304: Cannot find name 'formatResultsAsTable'.
src/tools/performance_additions.ts(183,57): error TS2304: Cannot find name 'formatError'.
src/tools/performance_additions.ts(188,35): error TS2304: Cannot find name 'z'.
src/tools/performance_additions.ts(189,13): error TS2304: Cannot find name 'z'.
src/tools/performance_additions.ts(190,13): error TS2304: Cannot find name 'z'.
src/tools/performance_additions.ts(198,38): error TS2304: Cannot find name 'ConnectionManager'.
src/tools/performance_additions.ts(198,64): error TS2503: Cannot find namespace 'z'.
src/tools/performance_additions.ts(208,49): error TS2304: Cannot find name 'formatResultsAsTable'.
src/tools/performance_additions.ts(211,57): error TS2304: Cannot find name 'formatError'.
src/tools/performance_additions.ts(218,33): error TS2304: Cannot find name 'z'.
src/tools/performance_additions.ts(219,13): error TS2304: Cannot find name 'z'.
src/tools/performance_additions.ts(227,38): error TS2304: Cannot find name 'ConnectionManager'.
src/tools/performance_additions.ts(227,64): error TS2503: Cannot find namespace 'z'.
src/tools/performance_additions.ts(238,109): error TS2304: Cannot find name 'formatResultsAsTable'.
src/tools/performance_additions.ts(241,57): error TS2304: Cannot find name 'formatError'.
src/tools/performance_additions.ts(246,33): error TS2304: Cannot find name 'z'.
src/tools/performance_additions.ts(253,38): error TS2304: Cannot find name 'ConnectionManager'.
src/tools/performance_additions.ts(253,64): error TS2503: Cannot find namespace 'z'.
src/tools/performance_additions.ts(263,51): error TS2304: Cannot find name 'formatResultsAsTable'.
src/tools/performance_additions.ts(263,121): error TS2304: Cannot find name 'formatResultsAsTable'.
src/tools/performance_additions.ts(264,52): error TS7006: Parameter 'd' implicitly has an 'any' type.
src/tools/performance_additions.ts(266,71): error TS7006: Parameter 'd' implicitly has an 'any' type.
src/tools/performance_additions.ts(270,57): error TS2304: Cannot find name 'formatError'.
src/tools/performance_additions.ts(277,32): error TS2304: Cannot find name 'z'.
src/tools/performance_additions.ts(284,38): error TS2304: Cannot find name 'ConnectionManager'.
src/tools/performance_additions.ts(284,64): error TS2503: Cannot find namespace 'z'.
src/tools/performance_additions.ts(298,96): error TS2304: Cannot find name 'formatResultsAsTable'.
src/tools/performance_additions.ts(301,57): error TS2304: Cannot find name 'formatError'.
src/tools/performance_additions.ts(306,31): error TS2304: Cannot find name 'z'.
src/tools/performance_additions.ts(307,27): error TS2304: Cannot find name 'z'.
src/tools/performance_additions.ts(315,38): error TS2304: Cannot find name 'ConnectionManager'.
src/tools/performance_additions.ts(315,64): error TS2503: Cannot find namespace 'z'.
src/tools/performance_additions.ts(326,53): error TS7006: Parameter 'p' implicitly has an 'any' type.
src/tools/performance_additions.ts(327,173): error TS2304: Cannot find name 'formatResultsAsTable'.
src/tools/performance_additions.ts(330,57): error TS2304: Cannot find name 'formatError'.
